
  .   ____          _            __ _ _
 /\\ / ___'_ __ _ _(_)_ __  __ _ \ \ \ \
( ( )\___ | '_ | '_| | '_ \/ _` | \ \ \ \
 \\/  ___)| |_)| | | | | || (_| |  ) ) ) )
  '  |____| .__|_| |_|_| |_\__, | / / / /
 =========|_|==============|___/=/_/_/_/

 :: Spring Boot ::                (v3.5.0)

2026-04-19T09:01:03.228-03:00  INFO 6276 --- [agentic-backend] [           main] i.g.a.a.backend.BackendApplication       : Starting AOT-processed BackendApplication v3.5.0 using Java 25.0.1 with PID 6276 (C:\Users\Focare\projects\ai-suite\backend\target\backend-3.5.0.jar started by Focare in C:\Users\Focare\projects\ai-suite\backend)
2026-04-19T09:01:03.239-03:00  INFO 6276 --- [agentic-backend] [           main] i.g.a.a.backend.BackendApplication       : No active profile set, falling back to 1 default profile: "default"
2026-04-19T09:01:04.515-03:00  INFO 6276 --- [agentic-backend] [           main] o.s.b.w.embedded.tomcat.TomcatWebServer  : Tomcat initialized with port 8080 (http)
2026-04-19T09:01:04.541-03:00  INFO 6276 --- [agentic-backend] [           main] o.apache.catalina.core.StandardService   : Starting service [Tomcat]
2026-04-19T09:01:04.542-03:00  INFO 6276 --- [agentic-backend] [           main] o.apache.catalina.core.StandardEngine    : Starting Servlet engine: [Apache Tomcat/10.1.41]
2026-04-19T09:01:04.621-03:00  INFO 6276 --- [agentic-backend] [           main] o.a.c.c.C.[Tomcat].[localhost].[/]       : Initializing Spring embedded WebApplicationContext
2026-04-19T09:01:04.622-03:00  INFO 6276 --- [agentic-backend] [           main] w.s.c.ServletWebServerApplicationContext : Root WebApplicationContext: initialization completed in 1379 ms
2026-04-19T09:01:05.043-03:00  INFO 6276 --- [agentic-backend] [           main] o.hibernate.jpa.internal.util.LogHelper  : HHH000204: Processing PersistenceUnitInfo [name: default]
2026-04-19T09:01:05.162-03:00  INFO 6276 --- [agentic-backend] [           main] org.hibernate.Version                    : HHH000412: Hibernate ORM core version 6.6.15.Final
2026-04-19T09:01:05.230-03:00  INFO 6276 --- [agentic-backend] [           main] o.h.c.internal.RegionFactoryInitiator    : HHH000026: Second-level cache disabled
2026-04-19T09:01:05.845-03:00  INFO 6276 --- [agentic-backend] [           main] o.s.o.j.p.SpringPersistenceUnitInfo      : No LoadTimeWeaver setup: ignoring JPA class transformer
2026-04-19T09:01:05.906-03:00  INFO 6276 --- [agentic-backend] [           main] com.zaxxer.hikari.HikariDataSource       : HikariPool-1 - Starting...
2026-04-19T09:01:06.564-03:00  INFO 6276 --- [agentic-backend] [           main] com.zaxxer.hikari.pool.HikariPool        : HikariPool-1 - Added connection conn1: url=jdbc:h2:file:C:\Users\Focare\.agentic\db\agentic_db user=SA
2026-04-19T09:01:06.574-03:00  INFO 6276 --- [agentic-backend] [           main] com.zaxxer.hikari.HikariDataSource       : HikariPool-1 - Start completed.
2026-04-19T09:01:06.626-03:00  WARN 6276 --- [agentic-backend] [           main] org.hibernate.orm.deprecation            : HHH90000025: H2Dialect does not need to be specified explicitly using 'hibernate.dialect' (remove the property setting and it will be selected by default)
2026-04-19T09:01:06.666-03:00  INFO 6276 --- [agentic-backend] [           main] org.hibernate.orm.connections.pooling    : HHH10001005: Database info:
	Database JDBC URL [Connecting through datasource 'HikariDataSource (HikariPool-1)']
	Database driver: undefined/unknown
	Database version: 2.3.232
	Autocommit mode: undefined/unknown
	Isolation level: undefined/unknown
	Minimum pool size: undefined/unknown
	Maximum pool size: undefined/unknown
2026-04-19T09:01:09.231-03:00  INFO 6276 --- [agentic-backend] [           main] o.h.e.t.j.p.i.JtaPlatformInitiator       : HHH000489: No JTA platform available (set 'hibernate.transaction.jta.platform' to enable JTA platform integration)
2026-04-19T09:01:09.394-03:00  INFO 6276 --- [agentic-backend] [           main] j.LocalContainerEntityManagerFactoryBean : Initialized JPA EntityManagerFactory for persistence unit 'default'
2026-04-19T09:01:10.080-03:00  INFO 6276 --- [agentic-backend] [           main] o.s.d.j.r.query.QueryEnhancerFactory     : Hibernate is in classpath; If applicable, HQL parser will be used.
2026-04-19T09:01:13.282-03:00  WARN 6276 --- [agentic-backend] [           main] JpaBaseConfiguration$JpaWebConfiguration : spring.jpa.open-in-view is enabled by default. Therefore, database queries may be performed during view rendering. Explicitly configure spring.jpa.open-in-view to disable this warning
2026-04-19T09:01:13.329-03:00  INFO 6276 --- [agentic-backend] [           main] o.s.b.a.w.s.WelcomePageHandlerMapping    : Adding welcome page: class path resource [static/index.html]
2026-04-19T09:01:13.369-03:00  INFO 6276 --- [agentic-backend] [           main] o.s.v.b.OptionalValidatorFactoryBean     : Failed to set up a Bean Validation provider: jakarta.validation.NoProviderFoundException: Unable to create a Configuration, because no Jakarta Bean Validation provider could be found. Add a provider like Hibernate Validator (RI) to your classpath.
2026-04-19T09:01:14.178-03:00  INFO 6276 --- [agentic-backend] [           main] o.s.b.a.h2.H2ConsoleAutoConfiguration    : H2 console available at '/h2-console'. Database available at 'jdbc:h2:file:C:\Users\Focare\.agentic\db\agentic_db'
2026-04-19T09:01:14.408-03:00  INFO 6276 --- [agentic-backend] [           main] o.s.b.w.embedded.tomcat.TomcatWebServer  : Tomcat started on port 8080 (http) with context path '/'
2026-04-19T09:01:14.447-03:00  INFO 6276 --- [agentic-backend] [           main] i.g.a.a.backend.BackendApplication       : Started BackendApplication in 13.202 seconds (process running for 14.404)
Attempting to open browser at: http://localhost:8080
Desktop.isDesktopSupported(): false, trying fallback...
Browser opened successfully at: http://localhost:8080
2026-04-19T09:01:16.749-03:00  INFO 6276 --- [agentic-backend] [nio-8080-exec-1] o.a.c.c.C.[Tomcat].[localhost].[/]       : Initializing Spring DispatcherServlet 'dispatcherServlet'
2026-04-19T09:01:16.750-03:00  INFO 6276 --- [agentic-backend] [nio-8080-exec-1] o.s.web.servlet.DispatcherServlet        : Initializing Servlet 'dispatcherServlet'
2026-04-19T09:01:16.759-03:00  INFO 6276 --- [agentic-backend] [nio-8080-exec-1] o.s.web.servlet.DispatcherServlet        : Completed initialization in 8 ms
